c:\users\vasilisa\source\nullfilter\x64\debug\vc143.pdb
c:\users\vasilisa\source\nullfilter\x64\debug\nullfilter.obj
c:\users\vasilisa\source\nullfilter\x64\debug\nullfilter\nullfilter.cat
c:\users\vasilisa\source\nullfilter\x64\debug\nullfilter.sys
c:\users\vasilisa\source\nullfilter\x64\debug\nullfilter.pdb
c:\users\vasilisa\source\nullfilter\x64\debug\nullfilter.res
c:\users\vasilisa\source\nullfilter\x64\debug\nullfilter.inf
c:\users\vasilisa\source\nullfilter\x64\debug\nullfilter.tlog\cl.command.1.tlog
c:\users\vasilisa\source\nullfilter\x64\debug\nullfilter.tlog\cl.items.tlog
c:\users\vasilisa\source\nullfilter\x64\debug\nullfilter.tlog\cl.read.1.tlog
c:\users\vasilisa\source\nullfilter\x64\debug\nullfilter.tlog\cl.write.1.tlog
c:\users\vasilisa\source\nullfilter\x64\debug\nullfilter.tlog\inf2cat-expand.10352.read.1.tlog
c:\users\vasilisa\source\nullfilter\x64\debug\nullfilter.tlog\inf2cat-expand.10352.write.1.tlog
c:\users\vasilisa\source\nullfilter\x64\debug\nullfilter.tlog\inf2cat-expand.11712.read.1.tlog
c:\users\vasilisa\source\nullfilter\x64\debug\nullfilter.tlog\inf2cat-expand.11712.write.1.tlog
c:\users\vasilisa\source\nullfilter\x64\debug\nullfilter.tlog\inf2cat-expand.13496.read.1.tlog
c:\users\vasilisa\source\nullfilter\x64\debug\nullfilter.tlog\inf2cat-expand.13496.write.1.tlog
c:\users\vasilisa\source\nullfilter\x64\debug\nullfilter.tlog\inf2cat-expand.14600.read.1.tlog
c:\users\vasilisa\source\nullfilter\x64\debug\nullfilter.tlog\inf2cat-expand.14600.write.1.tlog
c:\users\vasilisa\source\nullfilter\x64\debug\nullfilter.tlog\inf2cat-expand.15368.read.1.tlog
c:\users\vasilisa\source\nullfilter\x64\debug\nullfilter.tlog\inf2cat-expand.15368.write.1.tlog
c:\users\vasilisa\source\nullfilter\x64\debug\nullfilter.tlog\inf2cat-expand.15836.read.1.tlog
c:\users\vasilisa\source\nullfilter\x64\debug\nullfilter.tlog\inf2cat-expand.15836.write.1.tlog
c:\users\vasilisa\source\nullfilter\x64\debug\nullfilter.tlog\inf2cat-expand.1584.read.1.tlog
c:\users\vasilisa\source\nullfilter\x64\debug\nullfilter.tlog\inf2cat-expand.1584.write.1.tlog
c:\users\vasilisa\source\nullfilter\x64\debug\nullfilter.tlog\inf2cat-expand.15844.read.1.tlog
c:\users\vasilisa\source\nullfilter\x64\debug\nullfilter.tlog\inf2cat-expand.15844.write.1.tlog
c:\users\vasilisa\source\nullfilter\x64\debug\nullfilter.tlog\inf2cat-expand.16244.read.1.tlog
c:\users\vasilisa\source\nullfilter\x64\debug\nullfilter.tlog\inf2cat-expand.16244.write.1.tlog
c:\users\vasilisa\source\nullfilter\x64\debug\nullfilter.tlog\inf2cat-expand.16368.read.1.tlog
c:\users\vasilisa\source\nullfilter\x64\debug\nullfilter.tlog\inf2cat-expand.16368.write.1.tlog
c:\users\vasilisa\source\nullfilter\x64\debug\nullfilter.tlog\inf2cat-expand.18056.read.1.tlog
c:\users\vasilisa\source\nullfilter\x64\debug\nullfilter.tlog\inf2cat-expand.18056.write.1.tlog
c:\users\vasilisa\source\nullfilter\x64\debug\nullfilter.tlog\inf2cat-expand.18276.read.1.tlog
c:\users\vasilisa\source\nullfilter\x64\debug\nullfilter.tlog\inf2cat-expand.18276.write.1.tlog
c:\users\vasilisa\source\nullfilter\x64\debug\nullfilter.tlog\inf2cat-expand.20452.read.1.tlog
c:\users\vasilisa\source\nullfilter\x64\debug\nullfilter.tlog\inf2cat-expand.20452.write.1.tlog
c:\users\vasilisa\source\nullfilter\x64\debug\nullfilter.tlog\inf2cat-expand.20768.read.1.tlog
c:\users\vasilisa\source\nullfilter\x64\debug\nullfilter.tlog\inf2cat-expand.20768.write.1.tlog
c:\users\vasilisa\source\nullfilter\x64\debug\nullfilter.tlog\inf2cat-expand.23028.read.1.tlog
c:\users\vasilisa\source\nullfilter\x64\debug\nullfilter.tlog\inf2cat-expand.23028.write.1.tlog
c:\users\vasilisa\source\nullfilter\x64\debug\nullfilter.tlog\inf2cat-expand.23248.read.1.tlog
c:\users\vasilisa\source\nullfilter\x64\debug\nullfilter.tlog\inf2cat-expand.23248.write.1.tlog
c:\users\vasilisa\source\nullfilter\x64\debug\nullfilter.tlog\inf2cat-expand.23288.read.1.tlog
c:\users\vasilisa\source\nullfilter\x64\debug\nullfilter.tlog\inf2cat-expand.23288.write.1.tlog
c:\users\vasilisa\source\nullfilter\x64\debug\nullfilter.tlog\inf2cat-expand.24068.read.1.tlog
c:\users\vasilisa\source\nullfilter\x64\debug\nullfilter.tlog\inf2cat-expand.24068.write.1.tlog
c:\users\vasilisa\source\nullfilter\x64\debug\nullfilter.tlog\inf2cat-expand.25580.read.1.tlog
c:\users\vasilisa\source\nullfilter\x64\debug\nullfilter.tlog\inf2cat-expand.25580.write.1.tlog
c:\users\vasilisa\source\nullfilter\x64\debug\nullfilter.tlog\inf2cat-expand.27052.read.1.tlog
c:\users\vasilisa\source\nullfilter\x64\debug\nullfilter.tlog\inf2cat-expand.27052.write.1.tlog
c:\users\vasilisa\source\nullfilter\x64\debug\nullfilter.tlog\inf2cat-expand.27432.read.1.tlog
c:\users\vasilisa\source\nullfilter\x64\debug\nullfilter.tlog\inf2cat-expand.27432.write.1.tlog
c:\users\vasilisa\source\nullfilter\x64\debug\nullfilter.tlog\inf2cat-expand.28340.read.1.tlog
c:\users\vasilisa\source\nullfilter\x64\debug\nullfilter.tlog\inf2cat-expand.28340.write.1.tlog
c:\users\vasilisa\source\nullfilter\x64\debug\nullfilter.tlog\inf2cat-expand.30332.read.1.tlog
c:\users\vasilisa\source\nullfilter\x64\debug\nullfilter.tlog\inf2cat-expand.30332.write.1.tlog
c:\users\vasilisa\source\nullfilter\x64\debug\nullfilter.tlog\inf2cat-expand.30400.read.1.tlog
c:\users\vasilisa\source\nullfilter\x64\debug\nullfilter.tlog\inf2cat-expand.30400.write.1.tlog
c:\users\vasilisa\source\nullfilter\x64\debug\nullfilter.tlog\inf2cat-expand.6528.read.1.tlog
c:\users\vasilisa\source\nullfilter\x64\debug\nullfilter.tlog\inf2cat-expand.6528.write.1.tlog
c:\users\vasilisa\source\nullfilter\x64\debug\nullfilter.tlog\inf2cat-expand.696.read.1.tlog
c:\users\vasilisa\source\nullfilter\x64\debug\nullfilter.tlog\inf2cat-expand.696.write.1.tlog
c:\users\vasilisa\source\nullfilter\x64\debug\nullfilter.tlog\inf2cat-expand.8844.read.1.tlog
c:\users\vasilisa\source\nullfilter\x64\debug\nullfilter.tlog\inf2cat-expand.8844.write.1.tlog
c:\users\vasilisa\source\nullfilter\x64\debug\nullfilter.tlog\inf2cat-expand.read.1.tlog
c:\users\vasilisa\source\nullfilter\x64\debug\nullfilter.tlog\inf2cat-expand.write.1.tlog
c:\users\vasilisa\source\nullfilter\x64\debug\nullfilter.tlog\inf2cat.command.1.tlog
c:\users\vasilisa\source\nullfilter\x64\debug\nullfilter.tlog\inf2cat.read.1.tlog
c:\users\vasilisa\source\nullfilter\x64\debug\nullfilter.tlog\inf2cat.write.1.tlog
c:\users\vasilisa\source\nullfilter\x64\debug\nullfilter.tlog\link.command.1.tlog
c:\users\vasilisa\source\nullfilter\x64\debug\nullfilter.tlog\link.read.1.tlog
c:\users\vasilisa\source\nullfilter\x64\debug\nullfilter.tlog\link.secondary.1.tlog
c:\users\vasilisa\source\nullfilter\x64\debug\nullfilter.tlog\link.write.1.tlog
c:\users\vasilisa\source\nullfilter\x64\debug\nullfilter.tlog\rc.command.1.tlog
c:\users\vasilisa\source\nullfilter\x64\debug\nullfilter.tlog\rc.read.1.tlog
c:\users\vasilisa\source\nullfilter\x64\debug\nullfilter.tlog\rc.write.1.tlog
c:\users\vasilisa\source\nullfilter\x64\debug\nullfilter.tlog\signtool.command.1.tlog
c:\users\vasilisa\source\nullfilter\x64\debug\nullfilter.tlog\signtool.read.1.tlog
c:\users\vasilisa\source\nullfilter\x64\debug\nullfilter.tlog\signtool.timestamp.1.tlog
c:\users\vasilisa\source\nullfilter\x64\debug\nullfilter.tlog\signtool.write.1.tlog
c:\users\vasilisa\source\nullfilter\x64\debug\nullfilter.tlog\stampinf.command.1.tlog
c:\users\vasilisa\source\nullfilter\x64\debug\nullfilter.tlog\stampinf.read.1.tlog
c:\users\vasilisa\source\nullfilter\x64\debug\nullfilter.tlog\stampinf.write.1.tlog
