================================================================================
  Output generated by mona.py v2.0, rev 636 - Immunity Debugger
  Corelan Consulting bv - https://www.corelan.be
================================================================================
  OS : post2008server, release 6.2.9200
  Process being debugged : vuln15 (pid 3040)
  Current mona arguments: rop ropfunc seh
================================================================================
  2025-04-01 12:59:22
================================================================================
----------------------------------------------------------------------------------------------------------------------------------------------
 Module info :
----------------------------------------------------------------------------------------------------------------------------------------------
 Base       | Top        | Size       | Rebase | SafeSEH | ASLR  | CFG   | NXCompat | OS Dll | Version, Modulename & Path, DLLCharacteristics
----------------------------------------------------------------------------------------------------------------------------------------------
 0x770f0000 | 0x7732f000 | 0x0023f000 | True   | True    | True  | True  |  False   | True   | 10.0.19041.4842 [KERNELBASE.dll] (C:\Windows\System32\KERNELBASE.dll) 0x4140
 0x00620000 | 0x00633000 | 0x00013000 | True   | False   | True  | False |  False   | False  | -1.0- [vuln15.exe] (C:\Users\uuu\Desktop\vuln15.exe) 0x40
 0x75620000 | 0x756c3000 | 0x000a3000 | True   | True    | True  | True  |  False   | True   | 10.0.19041.1 [apphelp.dll] (C:\Windows\SYSTEM32\apphelp.dll) 0x4140
 0x77500000 | 0x775f0000 | 0x000f0000 | True   | True    | True  | True  |  False   | True   | 10.0.19041.4842 [KERNEL32.DLL] (C:\Windows\System32\KERNEL32.DLL) 0x4140
 0x77780000 | 0x7783f000 | 0x000bf000 | True   | True    | True  | True  |  False   | True   | 7.0.19041.3636 [msvcrt.dll] (C:\Windows\System32\msvcrt.dll) 0x4140
 0x77850000 | 0x779f4000 | 0x001a4000 | True   | True    | True  | True  |  False   | True   | 10.0.19041.4842 [ntdll.dll] (C:\Windows\SYSTEM32\ntdll.dll) 0x4140
 0x62500000 | 0x6250b000 | 0x0000b000 | False  | False   | False | False |  False   | False  | -1.0- [func.dll] (C:\Users\uuu\Desktop\func.dll) 0x0
-----------------------------------------------------------------------------------------------------------------------------------------
- Progress update : 56 / 56 items processed (Tue 2025/04/01 12:59:22 PM) - (100%)
[+] Creating suggestions list
[+] Processing suggestions
Attempting to create rop chain proposals
- Attempting to produce rop chain for VirtualProtect
  * Enumerating ROPFunc info (IAT Query)
  * Ropfunc - Looking for ptr to &VirtualProtect() (IAT) - modulecriteria: {'aslr': False, 'os': False, 'rebase': False}
  * Ropfunc - Found 1 pointers
    Function pointer : 0x625070c4
  * Getting pickup gadget
- Attempting to produce rop chain for SetInformationProcess
  * Enumerating ROPFunc info (IAT Query)
  * Ropfunc - Looking for ptr to &SetInformationProcess() (IAT) - modulecriteria: {'aslr': False, 'os': False, 'rebase': False}
  * Ropfunc - Found 0 pointers
  * Ropfunc - Still no results, now going to search in all application modules
    Function pointer : 0x0
  * Getting pickup gadget
- Attempting to produce rop chain for SetProcessDEPPolicy
  * Enumerating ROPFunc info (IAT Query)
  * Ropfunc - Looking for ptr to &SetProcessDEPPolicy() (IAT) - modulecriteria: {'aslr': False, 'os': False, 'rebase': False}
  * Ropfunc - Found 0 pointers
  * Ropfunc - Still no results, now going to search in all application modules
  * Ropfunc - Looking for ptr to &SetProcessDEPPolicy() (IAT) - modulecriteria: {'aslr': False, 'os': False, 'rebase': False}
- Attempting to produce rop chain for VirtualAlloc
  * Enumerating ROPFunc info (IAT Query)
  * Ropfunc - Looking for ptr to &VirtualAlloc() (IAT) - modulecriteria: {'aslr': False, 'os': False, 'rebase': False}
  * Ropfunc - Found 0 pointers
  * Ropfunc - Still no results, now going to search in all application modules
    Function pointer : 0x0
  * Getting pickup gadget
Done creating rop chains
Writing 5 stackpivots with minimum offset 8 to file stackpivot.txt
Writing all suggestions to file rop_suggestions.txt
Gathering interesting gadgets
Writing results to file rop.txt (110 interesting gadgets)
Enumerating other gadgets (90)
Writing results to file rop.txt (90 other gadgets)
Done (Tue 2025/04/01 12:59:22 PM)
